---
source: tests/semantic_package_snapshots.rs
expression: out
---
droppable_hot_potato_v2:sources/droppable_flash_loan_receipt.move:48: 19: warning: Struct `FlashReceipt` has only `drop` ability (no copy/key/store). If this is a hot potato, remove `drop` to enforce consumption. If this is a witness, ensure it has no fields. See: https://blog.trailofbits.com/2025/09/10/how-sui-move-rethinks-flash-loan-security/
