---
source: tests/sui_lints.rs
expression: output
---
sources/main.move:11:19: capability_naming: Capability struct should be suffixed with `_cap`: `S2_cap`
sources/main.move:13:12: coin_field: sub-optimal 'sui::coin::Coin' field type: Sub-optimal 'sui::coin::Coin' field type. Using 'sui::balance::Balance' instead will be more space efficient
sources/main.move:13:12: coin_field: sub-optimal 'sui::coin::Coin' field type: Sub-optimal 'sui::coin::Coin' field type. Using 'sui::balance::Balance' instead will be more space efficient
sources/main.move:25:19: capability_naming: Capability struct should be suffixed with `_cap`: `S2_cap`
sources/main.move:27:12: coin_field: sub-optimal 'sui::coin::Coin' field type: Sub-optimal 'sui::coin::Coin' field type. Using 'sui::balance::Balance' instead will be more space efficient
sources/main.move:27:12: coin_field: sub-optimal 'sui::coin::Coin' field type: Sub-optimal 'sui::coin::Coin' field type. Using 'sui::balance::Balance' instead will be more space efficient
sources/main.move:40:19: capability_naming: Capability struct should be suffixed with `_cap`: `S2_cap`
sources/main.move:54:19: capability_naming: Capability struct should be suffixed with `_cap`: `Coin_cap`
sources/main.move:58:19: capability_naming: Capability struct should be suffixed with `_cap`: `TreasuryCap_cap`
