---
source: tests/sui_lints.rs
expression: output
---
sources/main.move:8:37: public_mut_tx_context: prefer '&mut TxContext' over '&TxContext': 'public' functions should prefer '&mut TxContext' over '&TxContext' for better upgradability.
sources/main.move:11:47: public_mut_tx_context: prefer '&mut TxContext' over '&TxContext': 'public' functions should prefer '&mut TxContext' over '&TxContext' for better upgradability.
sources/main.move:14:5: missing_access_control: Public function `mixed_function` modifies state (has &mut parameter) but has no capability parameter for access control. Consider adding an AdminCap or similar to restrict access.
sources/main.move:14:54: public_mut_tx_context: prefer '&mut TxContext' over '&TxContext': 'public' functions should prefer '&mut TxContext' over '&TxContext' for better upgradability.
sources/main.move:18:5: missing_access_control: Public function `complex_function` modifies state (has &mut parameter) but has no capability parameter for access control. Consider adding an AdminCap or similar to restrict access.
sources/main.move:20:13: public_mut_tx_context: prefer '&mut TxContext' over '&TxContext': 'public' functions should prefer '&mut TxContext' over '&TxContext' for better upgradability.
