---
source: tests/sui_lints.rs
expression: output
---
sources/main.move:7:19: capability_naming: Capability struct should be suffixed with `_cap`: `Obj_cap`
sources/main.move:17:9: share_owned: possible owned object share: Potential abort from a (potentially) owned object created by a different transaction.
sources/main.move:17:9: share_owned: possible owned object share: Potential abort from a (potentially) owned object created by a different transaction.
sources/main.move:17:9: share_owned_authority: Sharing `has_store::Obj` (has key+store) in `share` makes it publicly accessible. This is dangerous for authority objects (capabilities). If this is intentional shared state, suppress with #[allow(lint(share_owned_authority))].
sources/main.move:42:9: share_owned: possible owned object share: Potential abort from a (potentially) owned object created by a different transaction.
sources/main.move:42:9: share_owned: possible owned object share: Potential abort from a (potentially) owned object created by a different transaction.
